Archive member included to satisfy reference by file (symbol)

d:/software/gcc-arm-none-eabi-10.3-2021.10-win32(1)/gcc-arm-none-eabi-10.3-2021.10/bin/../lib/gcc/arm-none-eabi/10.3.1/thumb/v6-m/nofp\libgcc.a(_udivsi3.o)
                              CMakeFiles/stm32G030F6P6.elf.dir/Core/Src/system_stm32g0xx.c.obj (__aeabi_uidiv)
d:/software/gcc-arm-none-eabi-10.3-2021.10-win32(1)/gcc-arm-none-eabi-10.3-2021.10/bin/../lib/gcc/arm-none-eabi/10.3.1/thumb/v6-m/nofp\libgcc.a(_dvmd_tls.o)
                              d:/software/gcc-arm-none-eabi-10.3-2021.10-win32(1)/gcc-arm-none-eabi-10.3-2021.10/bin/../lib/gcc/arm-none-eabi/10.3.1/thumb/v6-m/nofp\libgcc.a(_udivsi3.o) (__aeabi_idiv0)
d:/software/gcc-arm-none-eabi-10.3-2021.10-win32(1)/gcc-arm-none-eabi-10.3-2021.10/bin/../lib/gcc/arm-none-eabi/10.3.1/../../../../arm-none-eabi/lib/thumb/v6-m/nofp\libg.a(lib_a-errno.o)
                              CMakeFiles/stm32G030F6P6.elf.dir/Core/Src/syscalls.c.obj (__errno)
d:/software/gcc-arm-none-eabi-10.3-2021.10-win32(1)/gcc-arm-none-eabi-10.3-2021.10/bin/../lib/gcc/arm-none-eabi/10.3.1/../../../../arm-none-eabi/lib/thumb/v6-m/nofp\libg.a(lib_a-exit.o)
                              d:/software/gcc-arm-none-eabi-10.3-2021.10-win32(1)/gcc-arm-none-eabi-10.3-2021.10/bin/../lib/gcc/arm-none-eabi/10.3.1/../../../../arm-none-eabi/lib/thumb/v6-m/nofp/crt0.o (exit)
d:/software/gcc-arm-none-eabi-10.3-2021.10-win32(1)/gcc-arm-none-eabi-10.3-2021.10/bin/../lib/gcc/arm-none-eabi/10.3.1/../../../../arm-none-eabi/lib/thumb/v6-m/nofp\libg.a(lib_a-impure.o)
                              d:/software/gcc-arm-none-eabi-10.3-2021.10-win32(1)/gcc-arm-none-eabi-10.3-2021.10/bin/../lib/gcc/arm-none-eabi/10.3.1/../../../../arm-none-eabi/lib/thumb/v6-m/nofp\libg.a(lib_a-exit.o) (_global_impure_ptr)
d:/software/gcc-arm-none-eabi-10.3-2021.10-win32(1)/gcc-arm-none-eabi-10.3-2021.10/bin/../lib/gcc/arm-none-eabi/10.3.1/../../../../arm-none-eabi/lib/thumb/v6-m/nofp\libg.a(lib_a-init.o)
                              d:/software/gcc-arm-none-eabi-10.3-2021.10-win32(1)/gcc-arm-none-eabi-10.3-2021.10/bin/../lib/gcc/arm-none-eabi/10.3.1/../../../../arm-none-eabi/lib/thumb/v6-m/nofp/crt0.o (__libc_init_array)
d:/software/gcc-arm-none-eabi-10.3-2021.10-win32(1)/gcc-arm-none-eabi-10.3-2021.10/bin/../lib/gcc/arm-none-eabi/10.3.1/../../../../arm-none-eabi/lib/thumb/v6-m/nofp\libg.a(lib_a-memset.o)
                              d:/software/gcc-arm-none-eabi-10.3-2021.10-win32(1)/gcc-arm-none-eabi-10.3-2021.10/bin/../lib/gcc/arm-none-eabi/10.3.1/../../../../arm-none-eabi/lib/thumb/v6-m/nofp/crt0.o (memset)
d:/software/gcc-arm-none-eabi-10.3-2021.10-win32(1)/gcc-arm-none-eabi-10.3-2021.10/bin/../lib/gcc/arm-none-eabi/10.3.1/../../../../arm-none-eabi/lib/thumb/v6-m/nofp\libg.a(lib_a-__call_atexit.o)
                              d:/software/gcc-arm-none-eabi-10.3-2021.10-win32(1)/gcc-arm-none-eabi-10.3-2021.10/bin/../lib/gcc/arm-none-eabi/10.3.1/../../../../arm-none-eabi/lib/thumb/v6-m/nofp\libg.a(lib_a-exit.o) (__call_exitprocs)
d:/software/gcc-arm-none-eabi-10.3-2021.10-win32(1)/gcc-arm-none-eabi-10.3-2021.10/bin/../lib/gcc/arm-none-eabi/10.3.1/../../../../arm-none-eabi/lib/thumb/v6-m/nofp\libg.a(lib_a-atexit.o)
                              d:/software/gcc-arm-none-eabi-10.3-2021.10-win32(1)/gcc-arm-none-eabi-10.3-2021.10/bin/../lib/gcc/arm-none-eabi/10.3.1/../../../../arm-none-eabi/lib/thumb/v6-m/nofp\libg.a(lib_a-__call_atexit.o) (atexit)
d:/software/gcc-arm-none-eabi-10.3-2021.10-win32(1)/gcc-arm-none-eabi-10.3-2021.10/bin/../lib/gcc/arm-none-eabi/10.3.1/../../../../arm-none-eabi/lib/thumb/v6-m/nofp\libg.a(lib_a-fini.o)
                              d:/software/gcc-arm-none-eabi-10.3-2021.10-win32(1)/gcc-arm-none-eabi-10.3-2021.10/bin/../lib/gcc/arm-none-eabi/10.3.1/../../../../arm-none-eabi/lib/thumb/v6-m/nofp\libg.a(lib_a-__call_atexit.o) (__libc_fini_array)
d:/software/gcc-arm-none-eabi-10.3-2021.10-win32(1)/gcc-arm-none-eabi-10.3-2021.10/bin/../lib/gcc/arm-none-eabi/10.3.1/../../../../arm-none-eabi/lib/thumb/v6-m/nofp\libg.a(lib_a-lock.o)
                              d:/software/gcc-arm-none-eabi-10.3-2021.10-win32(1)/gcc-arm-none-eabi-10.3-2021.10/bin/../lib/gcc/arm-none-eabi/10.3.1/../../../../arm-none-eabi/lib/thumb/v6-m/nofp\libg.a(lib_a-__call_atexit.o) (__retarget_lock_acquire_recursive)
d:/software/gcc-arm-none-eabi-10.3-2021.10-win32(1)/gcc-arm-none-eabi-10.3-2021.10/bin/../lib/gcc/arm-none-eabi/10.3.1/../../../../arm-none-eabi/lib/thumb/v6-m/nofp\libg.a(lib_a-__atexit.o)
                              d:/software/gcc-arm-none-eabi-10.3-2021.10-win32(1)/gcc-arm-none-eabi-10.3-2021.10/bin/../lib/gcc/arm-none-eabi/10.3.1/../../../../arm-none-eabi/lib/thumb/v6-m/nofp\libg.a(lib_a-atexit.o) (__register_exitproc)

Discarded input sections

 .text          0x00000000        0x0 d:/software/gcc-arm-none-eabi-10.3-2021.10-win32(1)/gcc-arm-none-eabi-10.3-2021.10/bin/../lib/gcc/arm-none-eabi/10.3.1/thumb/v6-m/nofp/crti.o
[...]
Memory Configuration

Name             Origin             Length             Attributes
RAM              0x20000000         0x00002000         xrw
FLASH            0x08000000         0x00008000         xr
*default*        0x00000000         0xffffffff

Linker script and memory map

LOAD d:/software/gcc-arm-none-eabi-10.3-2021.10-win32(1)/gcc-arm-none-eabi-10.3-2021.10/bin/../lib/gcc/arm-none-eabi/10.3.1/thumb/v6-m/nofp/crti.o
LOAD d:/software/gcc-arm-none-eabi-10.3-2021.10-win32(1)/gcc-arm-none-eabi-10.3-2021.10/bin/../lib/gcc/arm-none-eabi/10.3.1/thumb/v6-m/nofp/crtbegin.o
LOAD d:/software/gcc-arm-none-eabi-10.3-2021.10-win32(1)/gcc-arm-none-eabi-10.3-2021.10/bin/../lib/gcc/arm-none-eabi/10.3.1/../../../../arm-none-eabi/lib/thumb/v6-m/nofp/crt0.o
LOAD CMakeFiles/stm32G030F6P6.elf.dir/Core/Src/gpio.c.obj
LOAD CMakeFiles/stm32G030F6P6.elf.dir/Core/Src/main.c.obj
LOAD CMakeFiles/stm32G030F6P6.elf.dir/Core/Src/stm32g0xx_hal_msp.c.obj
LOAD CMakeFiles/stm32G030F6P6.elf.dir/Core/Src/stm32g0xx_it.c.obj
LOAD CMakeFiles/stm32G030F6P6.elf.dir/Core/Src/syscalls.c.obj
LOAD CMakeFiles/stm32G030F6P6.elf.dir/Core/Src/sysmem.c.obj
LOAD CMakeFiles/stm32G030F6P6.elf.dir/Core/Src/system_stm32g0xx.c.obj
LOAD CMakeFiles/stm32G030F6P6.elf.dir/Core/Startup/startup_stm32g030f6px.s.obj
LOAD CMakeFiles/stm32G030F6P6.elf.dir/Drivers/STM32G0xx_HAL_Driver/Src/stm32g0xx_hal.c.obj
LOAD CMakeFiles/stm32G030F6P6.elf.dir/Drivers/STM32G0xx_HAL_Driver/Src/stm32g0xx_hal_cortex.c.obj
LOAD CMakeFiles/stm32G030F6P6.elf.dir/Drivers/STM32G0xx_HAL_Driver/Src/stm32g0xx_hal_dma.c.obj
LOAD CMakeFiles/stm32G030F6P6.elf.dir/Drivers/STM32G0xx_HAL_Driver/Src/stm32g0xx_hal_dma_ex.c.obj
LOAD CMakeFiles/stm32G030F6P6.elf.dir/Drivers/STM32G0xx_HAL_Driver/Src/stm32g0xx_hal_exti.c.obj
LOAD CMakeFiles/stm32G030F6P6.elf.dir/Drivers/STM32G0xx_HAL_Driver/Src/stm32g0xx_hal_flash.c.obj
LOAD CMakeFiles/stm32G030F6P6.elf.dir/Drivers/STM32G0xx_HAL_Driver/Src/stm32g0xx_hal_flash_ex.c.obj
LOAD CMakeFiles/stm32G030F6P6.elf.dir/Drivers/STM32G0xx_HAL_Driver/Src/stm32g0xx_hal_gpio.c.obj
LOAD CMakeFiles/stm32G030F6P6.elf.dir/Drivers/STM32G0xx_HAL_Driver/Src/stm32g0xx_hal_pwr.c.obj
LOAD CMakeFiles/stm32G030F6P6.elf.dir/Drivers/STM32G0xx_HAL_Driver/Src/stm32g0xx_hal_pwr_ex.c.obj
LOAD CMakeFiles/stm32G030F6P6.elf.dir/Drivers/STM32G0xx_HAL_Driver/Src/stm32g0xx_hal_rcc.c.obj
LOAD CMakeFiles/stm32G030F6P6.elf.dir/Drivers/STM32G0xx_HAL_Driver/Src/stm32g0xx_hal_rcc_ex.c.obj
LOAD CMakeFiles/stm32G030F6P6.elf.dir/Drivers/STM32G0xx_HAL_Driver/Src/stm32g0xx_ll_rcc.c.obj
START GROUP
LOAD d:/software/gcc-arm-none-eabi-10.3-2021.10-win32(1)/gcc-arm-none-eabi-10.3-2021.10/bin/../lib/gcc/arm-none-eabi/10.3.1/thumb/v6-m/nofp\libgcc.a
LOAD d:/software/gcc-arm-none-eabi-10.3-2021.10-win32(1)/gcc-arm-none-eabi-10.3-2021.10/bin/../lib/gcc/arm-none-eabi/10.3.1/../../../../arm-none-eabi/lib/thumb/v6-m/nofp\libg.a
LOAD d:/software/gcc-arm-none-eabi-10.3-2021.10-win32(1)/gcc-arm-none-eabi-10.3-2021.10/bin/../lib/gcc/arm-none-eabi/10.3.1/../../../../arm-none-eabi/lib/thumb/v6-m/nofp\libc.a
END GROUP
LOAD d:/software/gcc-arm-none-eabi-10.3-2021.10-win32(1)/gcc-arm-none-eabi-10.3-2021.10/bin/../lib/gcc/arm-none-eabi/10.3.1/thumb/v6-m/nofp/crtend.o
LOAD d:/software/gcc-arm-none-eabi-10.3-2021.10-win32(1)/gcc-arm-none-eabi-10.3-2021.10/bin/../lib/gcc/arm-none-eabi/10.3.1/thumb/v6-m/nofp/crtn.o
                0x20002000                _estack = (ORIGIN (RAM) + LENGTH (RAM))
                0x00000200                _Min_Heap_Size = 0x200
                0x00000400                _Min_Stack_Size = 0x400

.isr_vector     0x08000000       0xb8
                0x08000000                . = ALIGN (0x4)
 *(.isr_vector)
 .isr_vector    0x08000000       0xb8 CMakeFiles/stm32G030F6P6.elf.dir/Core/Startup/startup_stm32g030f6px.s.obj
                0x08000000                g_pfnVectors
                0x080000b8                . = ALIGN (0x4)

.text           0x080000b8      0xd1c
                0x080000b8                . = ALIGN (0x4)
 *(.text)
 .text          0x080000b8       0x48 d:/software/gcc-arm-none-eabi-10.3-2021.10-win32(1)/gcc-arm-none-eabi-10.3-2021.10/bin/../lib/gcc/arm-none-eabi/10.3.1/thumb/v6-m/nofp/crtbegin.o
 .text          0x08000100      0x114 d:/software/gcc-arm-none-eabi-10.3-2021.10-win32(1)/gcc-arm-none-eabi-10.3-2021.10/bin/../lib/gcc/arm-none-eabi/10.3.1/thumb/v6-m/nofp\libgcc.a(_udivsi3.o)
                0x08000100                __aeabi_uidiv
                0x08000100                __udivsi3
                0x0800020c                __aeabi_uidivmod
 .text          0x08000214        0x4 d:/software/gcc-arm-none-eabi-10.3-2021.10-win32(1)/gcc-arm-none-eabi-10.3-2021.10/bin/../lib/gcc/arm-none-eabi/10.3.1/thumb/v6-m/nofp\libgcc.a(_dvmd_tls.o)
                0x08000214                __aeabi_idiv0
                0x08000214                __aeabi_ldiv0
 *(.text*)
 .text.MX_GPIO_Init
                0x08000218       0x1c CMakeFiles/stm32G030F6P6.elf.dir/Core/Src/gpio.c.obj
                0x08000218                MX_GPIO_Init
 .text.Error_Handler
                0x08000234        0x4 CMakeFiles/stm32G030F6P6.elf.dir/Core/Src/main.c.obj
                0x08000234                Error_Handler
 .text.SystemClock_Config
                0x08000238       0x60 CMakeFiles/stm32G030F6P6.elf.dir/Core/Src/main.c.obj
                0x08000238                SystemClock_Config
 .text.main     0x08000298       0x24 CMakeFiles/stm32G030F6P6.elf.dir/Core/Src/main.c.obj
                0x08000298                main
 .text.HAL_MspInit
                0x080002bc       0x30 CMakeFiles/stm32G030F6P6.elf.dir/Core/Src/stm32g0xx_hal_msp.c.obj
                0x080002bc                HAL_MspInit
 .text.NMI_Handler
                0x080002ec        0x2 CMakeFiles/stm32G030F6P6.elf.dir/Core/Src/stm32g0xx_it.c.obj
                0x080002ec                NMI_Handler
 .text.HardFault_Handler
                0x080002ee        0x2 CMakeFiles/stm32G030F6P6.elf.dir/Core/Src/stm32g0xx_it.c.obj
                0x080002ee                HardFault_Handler
 .text.SVC_Handler
                0x080002f0        0x2 CMakeFiles/stm32G030F6P6.elf.dir/Core/Src/stm32g0xx_it.c.obj
                0x080002f0                SVC_Handler
 .text.PendSV_Handler
                0x080002f2        0x2 CMakeFiles/stm32G030F6P6.elf.dir/Core/Src/stm32g0xx_it.c.obj
                0x080002f2                PendSV_Handler
 .text.SysTick_Handler
                0x080002f4        0x8 CMakeFiles/stm32G030F6P6.elf.dir/Core/Src/stm32g0xx_it.c.obj
                0x080002f4                SysTick_Handler
 .text.SystemInit
                0x080002fc        0x2 CMakeFiles/stm32G030F6P6.elf.dir/Core/Src/system_stm32g0xx.c.obj
                0x080002fc                SystemInit
 *fill*         0x080002fe        0x2 
 .text.Reset_Handler
                0x08000300       0x50 CMakeFiles/stm32G030F6P6.elf.dir/Core/Startup/startup_stm32g030f6px.s.obj
                0x08000300                Reset_Handler
 .text.Default_Handler
                0x08000350        0x2 CMakeFiles/stm32G030F6P6.elf.dir/Core/Startup/startup_stm32g030f6px.s.obj
                0x08000350                TIM1_CC_IRQHandler
                0x08000350                I2C1_IRQHandler
                0x08000350                RTC_TAMP_IRQHandler
                0x08000350                SPI1_IRQHandler
                0x08000350                DMA1_Ch4_5_DMAMUX1_OVR_IRQHandler
                0x08000350                EXTI2_3_IRQHandler
                0x08000350                ADC1_IRQHandler
                0x08000350                I2C2_IRQHandler
                0x08000350                TIM17_IRQHandler
                0x08000350                TIM16_IRQHandler
                0x08000350                TIM3_IRQHandler
                0x08000350                EXTI4_15_IRQHandler
                0x08000350                RCC_IRQHandler
                0x08000350                DMA1_Channel1_IRQHandler
                0x08000350                Default_Handler
                0x08000350                TIM14_IRQHandler
                0x08000350                EXTI0_1_IRQHandler
                0x08000350                SPI2_IRQHandler
                0x08000350                WWDG_IRQHandler
                0x08000350                DMA1_Channel2_3_IRQHandler
                0x08000350                USART2_IRQHandler
                0x08000350                FLASH_IRQHandler
                0x08000350                USART1_IRQHandler
                0x08000350                TIM1_BRK_UP_TRG_COM_IRQHandler
 *fill*         0x08000352        0x2 
 .text.HAL_InitTick
                0x08000354       0x58 CMakeFiles/stm32G030F6P6.elf.dir/Drivers/STM32G0xx_HAL_Driver/Src/stm32g0xx_hal.c.obj
                0x08000354                HAL_InitTick
 .text.HAL_Init
                0x080003ac       0x28 CMakeFiles/stm32G030F6P6.elf.dir/Drivers/STM32G0xx_HAL_Driver/Src/stm32g0xx_hal.c.obj
                0x080003ac                HAL_Init
 .text.HAL_IncTick
                0x080003d4       0x18 CMakeFiles/stm32G030F6P6.elf.dir/Drivers/STM32G0xx_HAL_Driver/Src/stm32g0xx_hal.c.obj
                0x080003d4                HAL_IncTick
 .text.HAL_GetTick
                0x080003ec        0xc CMakeFiles/stm32G030F6P6.elf.dir/Drivers/STM32G0xx_HAL_Driver/Src/stm32g0xx_hal.c.obj
                0x080003ec                HAL_GetTick
 .text.HAL_NVIC_SetPriority
                0x080003f8       0x60 CMakeFiles/stm32G030F6P6.elf.dir/Drivers/STM32G0xx_HAL_Driver/Src/stm32g0xx_hal_cortex.c.obj
                0x080003f8                HAL_NVIC_SetPriority
 .text.HAL_SYSTICK_Config
                0x08000458       0x38 CMakeFiles/stm32G030F6P6.elf.dir/Drivers/STM32G0xx_HAL_Driver/Src/stm32g0xx_hal_cortex.c.obj
                0x08000458                HAL_SYSTICK_Config
 .text.HAL_PWREx_ControlVoltageScaling
                0x08000490       0x54 CMakeFiles/stm32G030F6P6.elf.dir/Drivers/STM32G0xx_HAL_Driver/Src/stm32g0xx_hal_pwr_ex.c.obj
                0x08000490                HAL_PWREx_ControlVoltageScaling
 .text.HAL_RCC_OscConfig
                0x080004e4      0x4a4 CMakeFiles/stm32G030F6P6.elf.dir/Drivers/STM32G0xx_HAL_Driver/Src/stm32g0xx_hal_rcc.c.obj
                0x080004e4                HAL_RCC_OscConfig
 .text.HAL_RCC_GetSysClockFreq
                0x08000988       0xb8 CMakeFiles/stm32G030F6P6.elf.dir/Drivers/STM32G0xx_HAL_Driver/Src/stm32g0xx_hal_rcc.c.obj
                0x08000988                HAL_RCC_GetSysClockFreq
 .text.HAL_RCC_ClockConfig
                0x08000a40      0x18c CMakeFiles/stm32G030F6P6.elf.dir/Drivers/STM32G0xx_HAL_Driver/Src/stm32g0xx_hal_rcc.c.obj
                0x08000a40                HAL_RCC_ClockConfig
 .text.__libc_init_array
                0x08000bcc       0x44 d:/software/gcc-arm-none-eabi-10.3-2021.10-win32(1)/gcc-arm-none-eabi-10.3-2021.10/bin/../lib/gcc/arm-none-eabi/10.3.1/../../../../arm-none-eabi/lib/thumb/v6-m/nofp\libg.a(lib_a-init.o)
                0x08000bcc                __libc_init_array
 .text.memset   0x08000c10       0xa8 d:/software/gcc-arm-none-eabi-10.3-2021.10-win32(1)/gcc-arm-none-eabi-10.3-2021.10/bin/../lib/gcc/arm-none-eabi/10.3.1/../../../../arm-none-eabi/lib/thumb/v6-m/nofp\libg.a(lib_a-memset.o)
                0x08000c10                memset
 .text.startup.register_fini
                0x08000cb8       0x18 d:/software/gcc-arm-none-eabi-10.3-2021.10-win32(1)/gcc-arm-none-eabi-10.3-2021.10/bin/../lib/gcc/arm-none-eabi/10.3.1/../../../../arm-none-eabi/lib/thumb/v6-m/nofp\libg.a(lib_a-__call_atexit.o)
 .text.atexit   0x08000cd0       0x10 d:/software/gcc-arm-none-eabi-10.3-2021.10-win32(1)/gcc-arm-none-eabi-10.3-2021.10/bin/../lib/gcc/arm-none-eabi/10.3.1/../../../../arm-none-eabi/lib/thumb/v6-m/nofp\libg.a(lib_a-atexit.o)
                0x08000cd0                atexit
 .text.__libc_fini_array
                0x08000ce0       0x28 d:/software/gcc-arm-none-eabi-10.3-2021.10-win32(1)/gcc-arm-none-eabi-10.3-2021.10/bin/../lib/gcc/arm-none-eabi/10.3.1/../../../../arm-none-eabi/lib/thumb/v6-m/nofp\libg.a(lib_a-fini.o)
                0x08000ce0                __libc_fini_array
 .text.__retarget_lock_acquire_recursive
                0x08000d08        0x4 d:/software/gcc-arm-none-eabi-10.3-2021.10-win32(1)/gcc-arm-none-eabi-10.3-2021.10/bin/../lib/gcc/arm-none-eabi/10.3.1/../../../../arm-none-eabi/lib/thumb/v6-m/nofp\libg.a(lib_a-lock.o)
                0x08000d08                __retarget_lock_acquire_recursive
 .text.__retarget_lock_release_recursive
                0x08000d0c        0x4 d:/software/gcc-arm-none-eabi-10.3-2021.10-win32(1)/gcc-arm-none-eabi-10.3-2021.10/bin/../lib/gcc/arm-none-eabi/10.3.1/../../../../arm-none-eabi/lib/thumb/v6-m/nofp\libg.a(lib_a-lock.o)
                0x08000d0c                __retarget_lock_release_recursive
 .text.__register_exitproc
                0x08000d10       0xac d:/software/gcc-arm-none-eabi-10.3-2021.10-win32(1)/gcc-arm-none-eabi-10.3-2021.10/bin/../lib/gcc/arm-none-eabi/10.3.1/../../../../arm-none-eabi/lib/thumb/v6-m/nofp\libg.a(lib_a-__atexit.o)
                0x08000d10                __register_exitproc
 *(.glue_7)
 .glue_7        0x08000dbc        0x0 linker stubs
 *(.glue_7t)
 .glue_7t       0x08000dbc        0x0 linker stubs
 *(.eh_frame)
 .eh_frame      0x08000dbc        0x0 d:/software/gcc-arm-none-eabi-10.3-2021.10-win32(1)/gcc-arm-none-eabi-10.3-2021.10/bin/../lib/gcc/arm-none-eabi/10.3.1/thumb/v6-m/nofp/crtbegin.o
 *(.init)
 .init          0x08000dbc        0x4 d:/software/gcc-arm-none-eabi-10.3-2021.10-win32(1)/gcc-arm-none-eabi-10.3-2021.10/bin/../lib/gcc/arm-none-eabi/10.3.1/thumb/v6-m/nofp/crti.o
                0x08000dbc                _init
 .init          0x08000dc0        0x8 d:/software/gcc-arm-none-eabi-10.3-2021.10-win32(1)/gcc-arm-none-eabi-10.3-2021.10/bin/../lib/gcc/arm-none-eabi/10.3.1/thumb/v6-m/nofp/crtn.o
 *(.fini)
 .fini          0x08000dc8        0x4 d:/software/gcc-arm-none-eabi-10.3-2021.10-win32(1)/gcc-arm-none-eabi-10.3-2021.10/bin/../lib/gcc/arm-none-eabi/10.3.1/thumb/v6-m/nofp/crti.o
                0x08000dc8                _fini
 .fini          0x08000dcc        0x8 d:/software/gcc-arm-none-eabi-10.3-2021.10-win32(1)/gcc-arm-none-eabi-10.3-2021.10/bin/../lib/gcc/arm-none-eabi/10.3.1/thumb/v6-m/nofp/crtn.o
                0x08000dd4                . = ALIGN (0x4)
                0x08000dd4                _etext = .

.vfp11_veneer   0x08000dd4        0x0
 .vfp11_veneer  0x08000dd4        0x0 linker stubs

.v4_bx          0x08000dd4        0x0
 .v4_bx         0x08000dd4        0x0 linker stubs

.iplt           0x08000dd4        0x0
 .iplt          0x08000dd4        0x0 d:/software/gcc-arm-none-eabi-10.3-2021.10-win32(1)/gcc-arm-none-eabi-10.3-2021.10/bin/../lib/gcc/arm-none-eabi/10.3.1/thumb/v6-m/nofp/crtbegin.o

.rodata         0x08000dd4       0x44
                0x08000dd4                . = ALIGN (0x4)
 *(.rodata)
 *(.rodata*)
 .rodata.AHBPrescTable
                0x08000dd4       0x40 CMakeFiles/stm32G030F6P6.elf.dir/Core/Src/system_stm32g0xx.c.obj
                0x08000dd4                AHBPrescTable
 .rodata._global_impure_ptr
                0x08000e14        0x4 d:/software/gcc-arm-none-eabi-10.3-2021.10-win32(1)/gcc-arm-none-eabi-10.3-2021.10/bin/../lib/gcc/arm-none-eabi/10.3.1/../../../../arm-none-eabi/lib/thumb/v6-m/nofp\libg.a(lib_a-impure.o)
                0x08000e14                _global_impure_ptr
                0x08000e18                . = ALIGN (0x4)

.rel.dyn        0x08000e18        0x0
 .rel.iplt      0x08000e18        0x0 d:/software/gcc-arm-none-eabi-10.3-2021.10-win32(1)/gcc-arm-none-eabi-10.3-2021.10/bin/../lib/gcc/arm-none-eabi/10.3.1/thumb/v6-m/nofp/crtbegin.o

.ARM.extab      0x08000e18        0x0
                0x08000e18                . = ALIGN (0x4)
 *(.ARM.extab* .gnu.linkonce.armextab.*)
                0x08000e18                . = ALIGN (0x4)

.ARM            0x08000e18        0x0
                0x08000e18                . = ALIGN (0x4)
                0x08000e18                __exidx_start = .
 *(.ARM.exidx*)
                0x08000e18                __exidx_end = .
                0x08000e18                . = ALIGN (0x4)

.preinit_array  0x08000e18        0x0
                0x08000e18                . = ALIGN (0x4)
                0x08000e18                PROVIDE (__preinit_array_start = .)
 *(.preinit_array*)
                0x08000e18                PROVIDE (__preinit_array_end = .)
                0x08000e18                . = ALIGN (0x4)

.init_array     0x08000e18        0x8
                0x08000e18                . = ALIGN (0x4)
                0x08000e18                PROVIDE (__init_array_start = .)
 *(SORT_BY_NAME(.init_array.*))
 .init_array.00000
                0x08000e18        0x4 d:/software/gcc-arm-none-eabi-10.3-2021.10-win32(1)/gcc-arm-none-eabi-10.3-2021.10/bin/../lib/gcc/arm-none-eabi/10.3.1/../../../../arm-none-eabi/lib/thumb/v6-m/nofp\libg.a(lib_a-__call_atexit.o)
 *(.init_array*)
 .init_array    0x08000e1c        0x4 d:/software/gcc-arm-none-eabi-10.3-2021.10-win32(1)/gcc-arm-none-eabi-10.3-2021.10/bin/../lib/gcc/arm-none-eabi/10.3.1/thumb/v6-m/nofp/crtbegin.o
                0x08000e20                PROVIDE (__init_array_end = .)
                0x08000e20                . = ALIGN (0x4)

.fini_array     0x08000e20        0x4
                0x08000e20                . = ALIGN (0x4)
                0x08000e20                PROVIDE (__fini_array_start = .)
 *(SORT_BY_NAME(.fini_array.*))
 *(.fini_array*)
 .fini_array    0x08000e20        0x4 d:/software/gcc-arm-none-eabi-10.3-2021.10-win32(1)/gcc-arm-none-eabi-10.3-2021.10/bin/../lib/gcc/arm-none-eabi/10.3.1/thumb/v6-m/nofp/crtbegin.o
                0x08000e24                PROVIDE (__fini_array_end = .)
                0x08000e24                . = ALIGN (0x4)
                0x08000e24                _sidata = LOADADDR (.data)

.data           0x20000000      0x43c load address 0x08000e24
                0x20000000                . = ALIGN (0x4)
                0x20000000                _sdata = .
 *(.data)
 *(.data*)
 .data.SystemCoreClock
                0x20000000        0x4 CMakeFiles/stm32G030F6P6.elf.dir/Core/Src/system_stm32g0xx.c.obj
                0x20000000                SystemCoreClock
 .data.uwTickFreq
                0x20000004        0x1 CMakeFiles/stm32G030F6P6.elf.dir/Drivers/STM32G0xx_HAL_Driver/Src/stm32g0xx_hal.c.obj
                0x20000004                uwTickFreq
 *fill*         0x20000005        0x3 
 .data.uwTickPrio
                0x20000008        0x4 CMakeFiles/stm32G030F6P6.elf.dir/Drivers/STM32G0xx_HAL_Driver/Src/stm32g0xx_hal.c.obj
                0x20000008                uwTickPrio
 *fill*         0x2000000c        0x4 
 .data.impure_data
                0x20000010      0x428 d:/software/gcc-arm-none-eabi-10.3-2021.10-win32(1)/gcc-arm-none-eabi-10.3-2021.10/bin/../lib/gcc/arm-none-eabi/10.3.1/../../../../arm-none-eabi/lib/thumb/v6-m/nofp\libg.a(lib_a-impure.o)
 .data.__atexit_recursive_mutex
                0x20000438        0x4 d:/software/gcc-arm-none-eabi-10.3-2021.10-win32(1)/gcc-arm-none-eabi-10.3-2021.10/bin/../lib/gcc/arm-none-eabi/10.3.1/../../../../arm-none-eabi/lib/thumb/v6-m/nofp\libg.a(lib_a-__call_atexit.o)
                0x20000438                __atexit_recursive_mutex
 *(.RamFunc)
 *(.RamFunc*)
                0x2000043c                . = ALIGN (0x4)
                0x2000043c                _edata = .

.igot.plt       0x2000043c        0x0 load address 0x08001260
 .igot.plt      0x2000043c        0x0 d:/software/gcc-arm-none-eabi-10.3-2021.10-win32(1)/gcc-arm-none-eabi-10.3-2021.10/bin/../lib/gcc/arm-none-eabi/10.3.1/thumb/v6-m/nofp/crtbegin.o
                0x2000043c                . = ALIGN (0x4)

.bss            0x2000043c       0x24 load address 0x08001260
                0x2000043c                _sbss = .
                0x2000043c                __bss_start__ = _sbss
 *(.bss)
 .bss           0x2000043c       0x1c d:/software/gcc-arm-none-eabi-10.3-2021.10-win32(1)/gcc-arm-none-eabi-10.3-2021.10/bin/../lib/gcc/arm-none-eabi/10.3.1/thumb/v6-m/nofp/crtbegin.o
 *(.bss*)
 .bss.uwTick    0x20000458        0x4 CMakeFiles/stm32G030F6P6.elf.dir/Drivers/STM32G0xx_HAL_Driver/Src/stm32g0xx_hal.c.obj
                0x20000458                uwTick
 .bss.__lock___atexit_recursive_mutex
                0x2000045c        0x1 d:/software/gcc-arm-none-eabi-10.3-2021.10-win32(1)/gcc-arm-none-eabi-10.3-2021.10/bin/../lib/gcc/arm-none-eabi/10.3.1/../../../../arm-none-eabi/lib/thumb/v6-m/nofp\libg.a(lib_a-lock.o)
                0x2000045c                __lock___atexit_recursive_mutex
 *(COMMON)
                0x20000460                . = ALIGN (0x4)
 *fill*         0x2000045d        0x3 
                0x20000460                _ebss = .
                0x20000460                __bss_end__ = _ebss

._user_heap_stack
                0x20000460      0x600 load address 0x08001260
                0x20000460                . = ALIGN (0x8)
                [!provide]                PROVIDE (end = .)
                0x20000460                PROVIDE (_end = .)
                0x20000660                . = (. + _Min_Heap_Size)
 *fill*         0x20000460      0x200 
                0x20000a60                . = (. + _Min_Stack_Size)
 *fill*         0x20000660      0x400 
                0x20000a60                . = ALIGN (0x8)

/DISCARD/
 libc.a(*)
 libm.a(*)
 libgcc.a(*)

.ARM.attributes
                0x00000000       0x28
 *(.ARM.attributes)
 .ARM.attributes
                0x00000000       0x1e d:/software/gcc-arm-none-eabi-10.3-2021.10-win32(1)/gcc-arm-none-eabi-10.3-2021.10/bin/../lib/gcc/arm-none-eabi/10.3.1/thumb/v6-m/nofp/crti.o
 .ARM.attributes
                0x0000001e       0x2c d:/software/gcc-arm-none-eabi-10.3-2021.10-win32(1)/gcc-arm-none-eabi-10.3-2021.10/bin/../lib/gcc/arm-none-eabi/10.3.1/thumb/v6-m/nofp/crtbegin.o
 .ARM.attributes
                0x0000004a       0x2c CMakeFiles/stm32G030F6P6.elf.dir/Core/Src/gpio.c.obj
 .ARM.attributes
                0x00000076       0x2c CMakeFiles/stm32G030F6P6.elf.dir/Core/Src/main.c.obj
 .ARM.attributes
                0x000000a2       0x2c CMakeFiles/stm32G030F6P6.elf.dir/Core/Src/stm32g0xx_hal_msp.c.obj
 .ARM.attributes
                0x000000ce       0x2c CMakeFiles/stm32G030F6P6.elf.dir/Core/Src/stm32g0xx_it.c.obj
 .ARM.attributes
                0x000000fa       0x2c CMakeFiles/stm32G030F6P6.elf.dir/Core/Src/system_stm32g0xx.c.obj
 .ARM.attributes
                0x00000126       0x22 CMakeFiles/stm32G030F6P6.elf.dir/Core/Startup/startup_stm32g030f6px.s.obj
 .ARM.attributes
                0x00000148       0x2c CMakeFiles/stm32G030F6P6.elf.dir/Drivers/STM32G0xx_HAL_Driver/Src/stm32g0xx_hal.c.obj
 .ARM.attributes
                0x00000174       0x2c CMakeFiles/stm32G030F6P6.elf.dir/Drivers/STM32G0xx_HAL_Driver/Src/stm32g0xx_hal_cortex.c.obj
 .ARM.attributes
                0x000001a0       0x2c CMakeFiles/stm32G030F6P6.elf.dir/Drivers/STM32G0xx_HAL_Driver/Src/stm32g0xx_hal_pwr_ex.c.obj
 .ARM.attributes
                0x000001cc       0x2c CMakeFiles/stm32G030F6P6.elf.dir/Drivers/STM32G0xx_HAL_Driver/Src/stm32g0xx_hal_rcc.c.obj
 .ARM.attributes
                0x000001f8       0x1e d:/software/gcc-arm-none-eabi-10.3-2021.10-win32(1)/gcc-arm-none-eabi-10.3-2021.10/bin/../lib/gcc/arm-none-eabi/10.3.1/thumb/v6-m/nofp\libgcc.a(_udivsi3.o)
 .ARM.attributes
                0x00000216       0x1e d:/software/gcc-arm-none-eabi-10.3-2021.10-win32(1)/gcc-arm-none-eabi-10.3-2021.10/bin/../lib/gcc/arm-none-eabi/10.3.1/thumb/v6-m/nofp\libgcc.a(_dvmd_tls.o)
 .ARM.attributes
                0x00000234       0x2c d:/software/gcc-arm-none-eabi-10.3-2021.10-win32(1)/gcc-arm-none-eabi-10.3-2021.10/bin/../lib/gcc/arm-none-eabi/10.3.1/../../../../arm-none-eabi/lib/thumb/v6-m/nofp\libg.a(lib_a-impure.o)
 .ARM.attributes
                0x00000260       0x2c d:/software/gcc-arm-none-eabi-10.3-2021.10-win32(1)/gcc-arm-none-eabi-10.3-2021.10/bin/../lib/gcc/arm-none-eabi/10.3.1/../../../../arm-none-eabi/lib/thumb/v6-m/nofp\libg.a(lib_a-init.o)
 .ARM.attributes
                0x0000028c       0x2c d:/software/gcc-arm-none-eabi-10.3-2021.10-win32(1)/gcc-arm-none-eabi-10.3-2021.10/bin/../lib/gcc/arm-none-eabi/10.3.1/../../../../arm-none-eabi/lib/thumb/v6-m/nofp\libg.a(lib_a-memset.o)
 .ARM.attributes
                0x000002b8       0x2c d:/software/gcc-arm-none-eabi-10.3-2021.10-win32(1)/gcc-arm-none-eabi-10.3-2021.10/bin/../lib/gcc/arm-none-eabi/10.3.1/../../../../arm-none-eabi/lib/thumb/v6-m/nofp\libg.a(lib_a-__call_atexit.o)
 .ARM.attributes
                0x000002e4       0x2c d:/software/gcc-arm-none-eabi-10.3-2021.10-win32(1)/gcc-arm-none-eabi-10.3-2021.10/bin/../lib/gcc/arm-none-eabi/10.3.1/../../../../arm-none-eabi/lib/thumb/v6-m/nofp\libg.a(lib_a-atexit.o)
 .ARM.attributes
                0x00000310       0x2c d:/software/gcc-arm-none-eabi-10.3-2021.10-win32(1)/gcc-arm-none-eabi-10.3-2021.10/bin/../lib/gcc/arm-none-eabi/10.3.1/../../../../arm-none-eabi/lib/thumb/v6-m/nofp\libg.a(lib_a-fini.o)
 .ARM.attributes
                0x0000033c       0x2c d:/software/gcc-arm-none-eabi-10.3-2021.10-win32(1)/gcc-arm-none-eabi-10.3-2021.10/bin/../lib/gcc/arm-none-eabi/10.3.1/../../../../arm-none-eabi/lib/thumb/v6-m/nofp\libg.a(lib_a-lock.o)
 .ARM.attributes
                0x00000368       0x2c d:/software/gcc-arm-none-eabi-10.3-2021.10-win32(1)/gcc-arm-none-eabi-10.3-2021.10/bin/../lib/gcc/arm-none-eabi/10.3.1/../../../../arm-none-eabi/lib/thumb/v6-m/nofp\libg.a(lib_a-__atexit.o)
 .ARM.attributes
                0x00000394       0x1e d:/software/gcc-arm-none-eabi-10.3-2021.10-win32(1)/gcc-arm-none-eabi-10.3-2021.10/bin/../lib/gcc/arm-none-eabi/10.3.1/thumb/v6-m/nofp/crtn.o
OUTPUT(stm32G030F6P6.elf elf32-littlearm)
LOAD linker stubs
LOAD d:/software/gcc-arm-none-eabi-10.3-2021.10-win32(1)/gcc-arm-none-eabi-10.3-2021.10/bin/../lib/gcc/arm-none-eabi/10.3.1/../../../../arm-none-eabi/lib/thumb/v6-m/nofp\libc.a
LOAD d:/software/gcc-arm-none-eabi-10.3-2021.10-win32(1)/gcc-arm-none-eabi-10.3-2021.10/bin/../lib/gcc/arm-none-eabi/10.3.1/../../../../arm-none-eabi/lib/thumb/v6-m/nofp\libm.a
LOAD d:/software/gcc-arm-none-eabi-10.3-2021.10-win32(1)/gcc-arm-none-eabi-10.3-2021.10/bin/../lib/gcc/arm-none-eabi/10.3.1/thumb/v6-m/nofp\libgcc.a

.debug_info     0x00000000     0x34cb
 .debug_info    0x00000000      0x275 CMakeFiles/stm32G030F6P6.elf.dir/Core/Src/gpio.c.obj
 .debug_info    0x00000275      0x400 CMakeFiles/stm32G030F6P6.elf.dir/Core/Src/main.c.obj
 .debug_info    0x00000675      0x292 CMakeFiles/stm32G030F6P6.elf.dir/Core/Src/stm32g0xx_hal_msp.c.obj
 .debug_info    0x00000907      0x12c CMakeFiles/stm32G030F6P6.elf.dir/Core/Src/stm32g0xx_it.c.obj
 .debug_info    0x00000a33      0x38b CMakeFiles/stm32G030F6P6.elf.dir/Core/Src/system_stm32g0xx.c.obj
 .debug_info    0x00000dbe       0x22 CMakeFiles/stm32G030F6P6.elf.dir/Core/Startup/startup_stm32g030f6px.s.obj
 .debug_info    0x00000de0      0x9cf CMakeFiles/stm32G030F6P6.elf.dir/Drivers/STM32G0xx_HAL_Driver/Src/stm32g0xx_hal.c.obj
 .debug_info    0x000017af      0xa7f CMakeFiles/stm32G030F6P6.elf.dir/Drivers/STM32G0xx_HAL_Driver/Src/stm32g0xx_hal_cortex.c.obj
 .debug_info    0x0000222e      0x556 CMakeFiles/stm32G030F6P6.elf.dir/Drivers/STM32G0xx_HAL_Driver/Src/stm32g0xx_hal_pwr_ex.c.obj
 .debug_info    0x00002784      0xd47 CMakeFiles/stm32G030F6P6.elf.dir/Drivers/STM32G0xx_HAL_Driver/Src/stm32g0xx_hal_rcc.c.obj

.debug_abbrev   0x00000000      0xf3b
 .debug_abbrev  0x00000000       0xde CMakeFiles/stm32G030F6P6.elf.dir/Core/Src/gpio.c.obj
 .debug_abbrev  0x000000de      0x18c CMakeFiles/stm32G030F6P6.elf.dir/Core/Src/main.c.obj
 .debug_abbrev  0x0000026a       0xe9 CMakeFiles/stm32G030F6P6.elf.dir/Core/Src/stm32g0xx_hal_msp.c.obj
 .debug_abbrev  0x00000353       0xb7 CMakeFiles/stm32G030F6P6.elf.dir/Core/Src/stm32g0xx_it.c.obj
 .debug_abbrev  0x0000040a      0x142 CMakeFiles/stm32G030F6P6.elf.dir/Core/Src/system_stm32g0xx.c.obj
 .debug_abbrev  0x0000054c       0x12 CMakeFiles/stm32G030F6P6.elf.dir/Core/Startup/startup_stm32g030f6px.s.obj
 .debug_abbrev  0x0000055e      0x29c CMakeFiles/stm32G030F6P6.elf.dir/Drivers/STM32G0xx_HAL_Driver/Src/stm32g0xx_hal.c.obj
 .debug_abbrev  0x000007fa      0x2af CMakeFiles/stm32G030F6P6.elf.dir/Drivers/STM32G0xx_HAL_Driver/Src/stm32g0xx_hal_cortex.c.obj
 .debug_abbrev  0x00000aa9      0x1f8 CMakeFiles/stm32G030F6P6.elf.dir/Drivers/STM32G0xx_HAL_Driver/Src/stm32g0xx_hal_pwr_ex.c.obj
 .debug_abbrev  0x00000ca1      0x29a CMakeFiles/stm32G030F6P6.elf.dir/Drivers/STM32G0xx_HAL_Driver/Src/stm32g0xx_hal_rcc.c.obj

.debug_aranges  0x00000000      0x3d0
 .debug_aranges
                0x00000000       0x20 CMakeFiles/stm32G030F6P6.elf.dir/Core/Src/gpio.c.obj
 .debug_aranges
                0x00000020       0x30 CMakeFiles/stm32G030F6P6.elf.dir/Core/Src/main.c.obj
 .debug_aranges
                0x00000050       0x20 CMakeFiles/stm32G030F6P6.elf.dir/Core/Src/stm32g0xx_hal_msp.c.obj
 .debug_aranges
                0x00000070       0x40 CMakeFiles/stm32G030F6P6.elf.dir/Core/Src/stm32g0xx_it.c.obj
 .debug_aranges
                0x000000b0       0x28 CMakeFiles/stm32G030F6P6.elf.dir/Core/Src/system_stm32g0xx.c.obj
 .debug_aranges
                0x000000d8       0x28 CMakeFiles/stm32G030F6P6.elf.dir/Core/Startup/startup_stm32g030f6px.s.obj
 .debug_aranges
                0x00000100      0x100 CMakeFiles/stm32G030F6P6.elf.dir/Drivers/STM32G0xx_HAL_Driver/Src/stm32g0xx_hal.c.obj
 .debug_aranges
                0x00000200       0xa0 CMakeFiles/stm32G030F6P6.elf.dir/Drivers/STM32G0xx_HAL_Driver/Src/stm32g0xx_hal_cortex.c.obj
 .debug_aranges
                0x000002a0       0x98 CMakeFiles/stm32G030F6P6.elf.dir/Drivers/STM32G0xx_HAL_Driver/Src/stm32g0xx_hal_pwr_ex.c.obj
 .debug_aranges
                0x00000338       0x98 CMakeFiles/stm32G030F6P6.elf.dir/Drivers/STM32G0xx_HAL_Driver/Src/stm32g0xx_hal_rcc.c.obj

.debug_ranges   0x00000000      0x3b8
 .debug_ranges  0x00000000       0x10 CMakeFiles/stm32G030F6P6.elf.dir/Core/Src/gpio.c.obj
 .debug_ranges  0x00000010       0x20 CMakeFiles/stm32G030F6P6.elf.dir/Core/Src/main.c.obj
 .debug_ranges  0x00000030       0x10 CMakeFiles/stm32G030F6P6.elf.dir/Core/Src/stm32g0xx_hal_msp.c.obj
 .debug_ranges  0x00000040       0x30 CMakeFiles/stm32G030F6P6.elf.dir/Core/Src/stm32g0xx_it.c.obj
 .debug_ranges  0x00000070       0x18 CMakeFiles/stm32G030F6P6.elf.dir/Core/Src/system_stm32g0xx.c.obj
 .debug_ranges  0x00000088       0x20 CMakeFiles/stm32G030F6P6.elf.dir/Core/Startup/startup_stm32g030f6px.s.obj
 .debug_ranges  0x000000a8       0xf0 CMakeFiles/stm32G030F6P6.elf.dir/Drivers/STM32G0xx_HAL_Driver/Src/stm32g0xx_hal.c.obj
 .debug_ranges  0x00000198       0xf0 CMakeFiles/stm32G030F6P6.elf.dir/Drivers/STM32G0xx_HAL_Driver/Src/stm32g0xx_hal_cortex.c.obj
 .debug_ranges  0x00000288       0x88 CMakeFiles/stm32G030F6P6.elf.dir/Drivers/STM32G0xx_HAL_Driver/Src/stm32g0xx_hal_pwr_ex.c.obj
 .debug_ranges  0x00000310       0xa8 CMakeFiles/stm32G030F6P6.elf.dir/Drivers/STM32G0xx_HAL_Driver/Src/stm32g0xx_hal_rcc.c.obj

.debug_line     0x00000000     0x30b3
 .debug_line    0x00000000      0x233 CMakeFiles/stm32G030F6P6.elf.dir/Core/Src/gpio.c.obj
 .debug_line    0x00000233      0x395 CMakeFiles/stm32G030F6P6.elf.dir/Core/Src/main.c.obj
 .debug_line    0x000005c8      0x246 CMakeFiles/stm32G030F6P6.elf.dir/Core/Src/stm32g0xx_hal_msp.c.obj
 .debug_line    0x0000080e      0x25a CMakeFiles/stm32G030F6P6.elf.dir/Core/Src/stm32g0xx_it.c.obj
 .debug_line    0x00000a68      0x334 CMakeFiles/stm32G030F6P6.elf.dir/Core/Src/system_stm32g0xx.c.obj
 .debug_line    0x00000d9c       0xad CMakeFiles/stm32G030F6P6.elf.dir/Core/Startup/startup_stm32g030f6px.s.obj
 .debug_line    0x00000e49      0x6b2 CMakeFiles/stm32G030F6P6.elf.dir/Drivers/STM32G0xx_HAL_Driver/Src/stm32g0xx_hal.c.obj
 .debug_line    0x000014fb      0x777 CMakeFiles/stm32G030F6P6.elf.dir/Drivers/STM32G0xx_HAL_Driver/Src/stm32g0xx_hal_cortex.c.obj
 .debug_line    0x00001c72      0x612 CMakeFiles/stm32G030F6P6.elf.dir/Drivers/STM32G0xx_HAL_Driver/Src/stm32g0xx_hal_pwr_ex.c.obj
 .debug_line    0x00002284      0xe2f CMakeFiles/stm32G030F6P6.elf.dir/Drivers/STM32G0xx_HAL_Driver/Src/stm32g0xx_hal_rcc.c.obj

.debug_str      0x00000000     0x152f
 .debug_str     0x00000000      0x285 CMakeFiles/stm32G030F6P6.elf.dir/Core/Src/gpio.c.obj
                                0x2cf (size before relaxing)
 .debug_str     0x00000285      0x1fc CMakeFiles/stm32G030F6P6.elf.dir/Core/Src/main.c.obj
                                0x3d7 (size before relaxing)
 .debug_str     0x00000481       0x50 CMakeFiles/stm32G030F6P6.elf.dir/Core/Src/stm32g0xx_hal_msp.c.obj
                                0x2db (size before relaxing)
 .debug_str     0x000004d1       0x94 CMakeFiles/stm32G030F6P6.elf.dir/Core/Src/stm32g0xx_it.c.obj
                                0x247 (size before relaxing)
 .debug_str     0x00000565       0xc0 CMakeFiles/stm32G030F6P6.elf.dir/Core/Src/system_stm32g0xx.c.obj
                                0x344 (size before relaxing)
 .debug_str     0x00000625       0x5a CMakeFiles/stm32G030F6P6.elf.dir/Core/Startup/startup_stm32g030f6px.s.obj
                                 0x93 (size before relaxing)
 .debug_str     0x0000067f      0x58e CMakeFiles/stm32G030F6P6.elf.dir/Drivers/STM32G0xx_HAL_Driver/Src/stm32g0xx_hal.c.obj
                                0x887 (size before relaxing)
 .debug_str     0x00000c0d      0x3aa CMakeFiles/stm32G030F6P6.elf.dir/Drivers/STM32G0xx_HAL_Driver/Src/stm32g0xx_hal_cortex.c.obj
                                0x788 (size before relaxing)
 .debug_str     0x00000fb7      0x2c2 CMakeFiles/stm32G030F6P6.elf.dir/Drivers/STM32G0xx_HAL_Driver/Src/stm32g0xx_hal_pwr_ex.c.obj
                                0x544 (size before relaxing)
 .debug_str     0x00001279      0x2b6 CMakeFiles/stm32G030F6P6.elf.dir/Drivers/STM32G0xx_HAL_Driver/Src/stm32g0xx_hal_rcc.c.obj
                                0x7cc (size before relaxing)

.comment        0x00000000       0x49
 .comment       0x00000000       0x49 CMakeFiles/stm32G030F6P6.elf.dir/Core/Src/gpio.c.obj
                                 0x4a (size before relaxing)
 .comment       0x00000049       0x4a CMakeFiles/stm32G030F6P6.elf.dir/Core/Src/main.c.obj
 .comment       0x00000049       0x4a CMakeFiles/stm32G030F6P6.elf.dir/Core/Src/stm32g0xx_hal_msp.c.obj
 .comment       0x00000049       0x4a CMakeFiles/stm32G030F6P6.elf.dir/Core/Src/stm32g0xx_it.c.obj
 .comment       0x00000049       0x4a CMakeFiles/stm32G030F6P6.elf.dir/Core/Src/system_stm32g0xx.c.obj
 .comment       0x00000049       0x4a CMakeFiles/stm32G030F6P6.elf.dir/Drivers/STM32G0xx_HAL_Driver/Src/stm32g0xx_hal.c.obj
 .comment       0x00000049       0x4a CMakeFiles/stm32G030F6P6.elf.dir/Drivers/STM32G0xx_HAL_Driver/Src/stm32g0xx_hal_cortex.c.obj
 .comment       0x00000049       0x4a CMakeFiles/stm32G030F6P6.elf.dir/Drivers/STM32G0xx_HAL_Driver/Src/stm32g0xx_hal_pwr_ex.c.obj
 .comment       0x00000049       0x4a CMakeFiles/stm32G030F6P6.elf.dir/Drivers/STM32G0xx_HAL_Driver/Src/stm32g0xx_hal_rcc.c.obj

.debug_frame    0x00000000      0x918
 .debug_frame   0x00000000       0x24 CMakeFiles/stm32G030F6P6.elf.dir/Core/Src/gpio.c.obj
 .debug_frame   0x00000024       0x54 CMakeFiles/stm32G030F6P6.elf.dir/Core/Src/main.c.obj
 .debug_frame   0x00000078       0x24 CMakeFiles/stm32G030F6P6.elf.dir/Core/Src/stm32g0xx_hal_msp.c.obj
 .debug_frame   0x0000009c       0x68 CMakeFiles/stm32G030F6P6.elf.dir/Core/Src/stm32g0xx_it.c.obj
 .debug_frame   0x00000104       0x38 CMakeFiles/stm32G030F6P6.elf.dir/Core/Src/system_stm32g0xx.c.obj
 .debug_frame   0x0000013c      0x20c CMakeFiles/stm32G030F6P6.elf.dir/Drivers/STM32G0xx_HAL_Driver/Src/stm32g0xx_hal.c.obj
 .debug_frame   0x00000348      0x134 CMakeFiles/stm32G030F6P6.elf.dir/Drivers/STM32G0xx_HAL_Driver/Src/stm32g0xx_hal_cortex.c.obj
 .debug_frame   0x0000047c      0x120 CMakeFiles/stm32G030F6P6.elf.dir/Drivers/STM32G0xx_HAL_Driver/Src/stm32g0xx_hal_pwr_ex.c.obj
 .debug_frame   0x0000059c      0x16c CMakeFiles/stm32G030F6P6.elf.dir/Drivers/STM32G0xx_HAL_Driver/Src/stm32g0xx_hal_rcc.c.obj
 .debug_frame   0x00000708       0x20 d:/software/gcc-arm-none-eabi-10.3-2021.10-win32(1)/gcc-arm-none-eabi-10.3-2021.10/bin/../lib/gcc/arm-none-eabi/10.3.1/thumb/v6-m/nofp\libgcc.a(_udivsi3.o)
 .debug_frame   0x00000728       0x2c d:/software/gcc-arm-none-eabi-10.3-2021.10-win32(1)/gcc-arm-none-eabi-10.3-2021.10/bin/../lib/gcc/arm-none-eabi/10.3.1/../../../../arm-none-eabi/lib/thumb/v6-m/nofp\libg.a(lib_a-init.o)
 .debug_frame   0x00000754       0x30 d:/software/gcc-arm-none-eabi-10.3-2021.10-win32(1)/gcc-arm-none-eabi-10.3-2021.10/bin/../lib/gcc/arm-none-eabi/10.3.1/../../../../arm-none-eabi/lib/thumb/v6-m/nofp\libg.a(lib_a-memset.o)
 .debug_frame   0x00000784       0x54 d:/software/gcc-arm-none-eabi-10.3-2021.10-win32(1)/gcc-arm-none-eabi-10.3-2021.10/bin/../lib/gcc/arm-none-eabi/10.3.1/../../../../arm-none-eabi/lib/thumb/v6-m/nofp\libg.a(lib_a-__call_atexit.o)
 .debug_frame   0x000007d8       0x28 d:/software/gcc-arm-none-eabi-10.3-2021.10-win32(1)/gcc-arm-none-eabi-10.3-2021.10/bin/../lib/gcc/arm-none-eabi/10.3.1/../../../../arm-none-eabi/lib/thumb/v6-m/nofp\libg.a(lib_a-atexit.o)
 .debug_frame   0x00000800       0x2c d:/software/gcc-arm-none-eabi-10.3-2021.10-win32(1)/gcc-arm-none-eabi-10.3-2021.10/bin/../lib/gcc/arm-none-eabi/10.3.1/../../../../arm-none-eabi/lib/thumb/v6-m/nofp\libg.a(lib_a-fini.o)
 .debug_frame   0x0000082c       0xb0 d:/software/gcc-arm-none-eabi-10.3-2021.10-win32(1)/gcc-arm-none-eabi-10.3-2021.10/bin/../lib/gcc/arm-none-eabi/10.3.1/../../../../arm-none-eabi/lib/thumb/v6-m/nofp\libg.a(lib_a-lock.o)
 .debug_frame   0x000008dc       0x3c d:/software/gcc-arm-none-eabi-10.3-2021.10-win32(1)/gcc-arm-none-eabi-10.3-2021.10/bin/../lib/gcc/arm-none-eabi/10.3.1/../../../../arm-none-eabi/lib/thumb/v6-m/nofp\libg.a(lib_a-__atexit.o)

.debug_loc      0x00000000     0x110a
 .debug_loc     0x00000000       0xa9 CMakeFiles/stm32G030F6P6.elf.dir/Core/Src/system_stm32g0xx.c.obj
 .debug_loc     0x000000a9      0x1bd CMakeFiles/stm32G030F6P6.elf.dir/Drivers/STM32G0xx_HAL_Driver/Src/stm32g0xx_hal.c.obj
 .debug_loc     0x00000266      0x458 CMakeFiles/stm32G030F6P6.elf.dir/Drivers/STM32G0xx_HAL_Driver/Src/stm32g0xx_hal_cortex.c.obj
 .debug_loc     0x000006be      0x2e0 CMakeFiles/stm32G030F6P6.elf.dir/Drivers/STM32G0xx_HAL_Driver/Src/stm32g0xx_hal_pwr_ex.c.obj
 .debug_loc     0x0000099e      0x76c CMakeFiles/stm32G030F6P6.elf.dir/Drivers/STM32G0xx_HAL_Driver/Src/stm32g0xx_hal_rcc.c.obj
